gen  0  754s  v3_2 F=-0.733 pC=0.50 near=1.4 cov=0.53 | best F=-0.051 pC=0.17 near=0.9 cov=0.49 | median F=-0.493 sigma=0.187
gen  1  706s  v3_2 F=-0.380 pC=0.42 near=0.8 cov=0.53 | best F=+0.010 pC=0.17 near=1.0 cov=0.58 | median F=-0.238 sigma=0.183
gen  2  718s  v3_2 F=-0.428 pC=0.33 near=1.0 cov=0.52 | best F=-0.278 pC=0.25 near=0.6 cov=0.50 | median F=-0.771 sigma=0.176
gen  3  740s  v3_2 F=-0.225 pC=0.33 near=1.2 cov=0.56 | best F=+0.414 pC=0.00 near=0.7 cov=0.63 | median F=+0.036 sigma=0.178
  VAL gen 4: mean F=-0.681 pC=0.38 near=1.2 cov=0.53 | v3_2 F=-0.372 pC=0.29 near=0.8 cov=0.52
gen  4  756s  v3_2 F=-1.364 pC=0.67 near=1.8 cov=0.50 | best F=-0.787 pC=0.50 near=1.5 cov=0.48 | median F=-1.286 sigma=0.172
gen  5  729s  v3_2 F=-0.946 pC=0.42 near=1.3 cov=0.47 | best F=-0.385 pC=0.33 near=0.9 cov=0.55 | median F=-1.096 sigma=0.169
gen  6  731s  v3_2 F=-0.653 pC=0.50 near=1.2 cov=0.57 | best F=-0.317 pC=0.33 near=1.2 cov=0.58 | median F=-0.807 sigma=0.161
gen  7  803s  v3_2 F=-0.582 pC=0.50 near=1.3 cov=0.57 | best F=-0.280 pC=0.33 near=1.2 cov=0.55 | median F=-0.476 sigma=0.161
gen  8  749s  v3_2 F=-0.420 pC=0.42 near=1.1 cov=0.53 | best F=-0.327 pC=0.33 near=0.8 cov=0.54 | median F=-0.757 sigma=0.157
  VAL gen 9: mean F=-0.444 pC=0.33 near=1.2 cov=0.53 | v3_2 F=-0.372 pC=0.29 near=0.8 cov=0.52
gen  9  723s  v3_2 F=-0.950 pC=0.50 near=1.8 cov=0.49 | best F=-0.731 pC=0.50 near=1.3 cov=0.52 | median F=-1.092 sigma=0.157
gen 10  760s  v3_2 F=-0.624 pC=0.42 near=1.3 cov=0.47 | best F=-0.430 pC=0.33 near=1.0 cov=0.55 | median F=-0.741 sigma=0.151
gen 11  751s  v3_2 F=-0.740 pC=0.42 near=1.8 cov=0.49 | best F=-0.312 pC=0.33 near=1.2 cov=0.55 | median F=-1.000 sigma=0.148
gen 12  717s  v3_2 F=-0.603 pC=0.50 near=1.3 cov=0.54 | best F=-0.118 pC=0.17 near=1.0 cov=0.48 | median F=-0.715 sigma=0.158
gen 13  731s  v3_2 F=-0.651 pC=0.42 near=1.6 cov=0.50 | best F=-0.403 pC=0.33 near=1.2 cov=0.44 | median F=-0.784 sigma=0.172
  VAL gen 14: mean F=-0.327 pC=0.33 near=1.0 cov=0.51 | v3_2 F=-0.372 pC=0.29 near=0.8 cov=0.52
gen 14  701s  v3_2 F=-0.558 pC=0.50 near=0.9 cov=0.48 | best F=+0.065 pC=0.17 near=0.8 cov=0.48 | median F=-0.307 sigma=0.184
gen 15  711s  v3_2 F=-0.683 pC=0.50 near=1.2 cov=0.54 | best F=+0.125 pC=0.08 near=0.7 cov=0.51 | median F=-0.188 sigma=0.193
gen 16  701s  v3_2 F=-0.163 pC=0.25 near=1.1 cov=0.54 | best F=-0.018 pC=0.25 near=1.0 cov=0.58 | median F=-0.293 sigma=0.208
gen 17  697s  v3_2 F=-0.871 pC=0.58 near=1.8 cov=0.57 | best F=-0.348 pC=0.33 near=1.1 cov=0.50 | median F=-0.784 sigma=0.215
gen 18  680s  v3_2 F=-0.965 pC=0.42 near=1.4 cov=0.48 | best F=-0.128 pC=0.25 near=0.9 cov=0.49 | median F=-0.584 sigma=0.218
  VAL gen 19: mean F=-0.191 pC=0.25 near=0.6 cov=0.46 | v3_2 F=-0.372 pC=0.29 near=0.8 cov=0.52
gen 19  684s  v3_2 F=-0.588 pC=0.50 near=1.2 cov=0.52 | best F=-0.497 pC=0.50 near=1.4 cov=0.55 | median F=-0.758 sigma=0.217
gen 20  720s  v3_2 F=-0.335 pC=0.42 near=1.0 cov=0.55 | best F=-0.116 pC=0.25 near=1.0 cov=0.52 | median F=-0.632 sigma=0.223
gen 21  686s  v3_2 F=-0.603 pC=0.42 near=0.8 cov=0.54 | best F=-0.096 pC=0.33 near=0.8 cov=0.58 | median F=-0.351 sigma=0.228
gen 22  685s  v3_2 F=-0.827 pC=0.58 near=1.3 cov=0.59 | best F=-0.207 pC=0.25 near=0.8 cov=0.56 | median F=-0.423 sigma=0.223
gen 23  716s  v3_2 F=-0.496 pC=0.42 near=1.3 cov=0.56 | best F=-0.332 pC=0.25 near=1.2 cov=0.49 | median F=-0.495 sigma=0.209
  VAL gen 24: mean F=-0.250 pC=0.29 near=1.1 cov=0.50 | v3_2 F=-0.372 pC=0.29 near=0.8 cov=0.52
gen 24  709s  v3_2 F=-0.342 pC=0.33 near=1.2 cov=0.52 | best F=-0.018 pC=0.25 near=0.8 cov=0.57 | median F=-0.426 sigma=0.195
gen 25  730s  v3_2 F=-0.205 pC=0.25 near=0.8 cov=0.53 | best F=+0.055 pC=0.25 near=0.8 cov=0.55 | median F=-0.246 sigma=0.190
gen 26  732s  v3_2 F=-1.088 pC=0.67 near=1.9 cov=0.47 | best F=-0.658 pC=0.50 near=1.4 cov=0.55 | median F=-0.819 sigma=0.185
gen 27  702s  v3_2 F=-0.604 pC=0.58 near=1.2 cov=0.57 | best F=-0.123 pC=0.25 near=0.8 cov=0.51 | median F=-0.332 sigma=0.189
gen 28  700s  v3_2 F=-0.493 pC=0.25 near=1.2 cov=0.49 | best F=-0.127 pC=0.25 near=1.0 cov=0.53 | median F=-0.501 sigma=0.199
  VAL gen 29: mean F=-0.058 pC=0.17 near=0.9 cov=0.51 | v3_2 F=-0.372 pC=0.29 near=0.8 cov=0.52
gen 29  695s  v3_2 F=-0.156 pC=0.17 near=0.8 cov=0.50 | best F=-0.102 pC=0.25 near=0.6 cov=0.53 | median F=-0.276 sigma=0.201
