gen  0  611s  v3_2 F=-0.929 pC=0.58 near=1.4 cov=0.53 | best F=-0.137 pC=0.33 near=1.2 cov=0.57 | median F=-0.607 sigma=0.194
gen  1  656s  v3_2 F=-0.573 pC=0.50 near=1.1 cov=0.53 | best F=+0.184 pC=0.17 near=0.6 cov=0.55 | median F=-0.024 sigma=0.194
gen  2  653s  v3_2 F=-0.384 pC=0.33 near=0.9 cov=0.51 | best F=-0.145 pC=0.25 near=0.8 cov=0.52 | median F=-0.511 sigma=0.196
gen  3  647s  v3_2 F=-0.458 pC=0.42 near=1.2 cov=0.54 | best F=+0.109 pC=0.17 near=0.8 cov=0.55 | median F=-0.104 sigma=0.204
  VAL gen 4: mean F=-0.381 pC=0.38 near=0.9 cov=0.49 | v3_2 F=-0.510 pC=0.33 near=0.8 cov=0.50
gen  4  585s  v3_2 F=-1.208 pC=0.58 near=1.7 cov=0.50 | best F=-0.236 pC=0.25 near=1.2 cov=0.49 | median F=-0.676 sigma=0.212
gen  5  563s  v3_2 F=-0.689 pC=0.50 near=1.0 cov=0.52 | best F=-0.060 pC=0.25 near=0.5 cov=0.42 | median F=-0.438 sigma=0.203
gen  6  587s  v3_2 F=-0.497 pC=0.50 near=0.8 cov=0.59 | best F=-0.560 pC=0.42 near=0.9 cov=0.43 | median F=-0.741 sigma=0.196
gen  7  549s  v3_2 F=+0.088 pC=0.17 near=0.6 cov=0.54 | best F=+0.062 pC=0.17 near=0.9 cov=0.56 | median F=-0.359 sigma=0.200
gen  8  556s  v3_2 F=-1.187 pC=0.58 near=1.3 cov=0.47 | best F=+0.248 pC=0.17 near=0.5 cov=0.56 | median F=+0.011 sigma=0.201
  VAL gen 9: mean F=-0.128 pC=0.21 near=0.5 cov=0.40 | v3_2 F=-0.510 pC=0.33 near=0.8 cov=0.50
gen  9  576s  v3_2 F=-0.683 pC=0.50 near=1.2 cov=0.50 | best F=-0.047 pC=0.25 near=0.7 cov=0.50 | median F=-0.655 sigma=0.208
gen 10  598s  v3_2 F=-0.748 pC=0.50 near=1.7 cov=0.56 | best F=-0.250 pC=0.25 near=1.2 cov=0.52 | median F=-0.528 sigma=0.214
gen 11  634s  v3_2 F=-0.944 pC=0.50 near=2.0 cov=0.52 | best F=-0.264 pC=0.33 near=1.0 cov=0.48 | median F=-0.514 sigma=0.217
gen 12  583s  v3_2 F=-0.531 pC=0.50 near=1.1 cov=0.55 | best F=+0.065 pC=0.17 near=0.6 cov=0.48 | median F=-0.176 sigma=0.221
gen 13  533s  v3_2 F=-0.669 pC=0.42 near=1.8 cov=0.48 | best F=+0.042 pC=0.17 near=0.7 cov=0.43 | median F=-0.476 sigma=0.218
  VAL gen 14: mean F=-0.087 pC=0.17 near=0.7 cov=0.36 | v3_2 F=-0.510 pC=0.33 near=0.8 cov=0.50
gen 14  524s  v3_2 F=-0.386 pC=0.33 near=0.8 cov=0.55 | best F=-0.032 pC=0.25 near=0.7 cov=0.44 | median F=-0.175 sigma=0.216
gen 15  616s  v3_2 F=-0.579 pC=0.50 near=0.8 cov=0.51 | best F=+0.035 pC=0.08 near=0.5 cov=0.45 | median F=-0.291 sigma=0.209
gen 16  673s  v3_2 F=+0.046 pC=0.08 near=1.0 cov=0.50 | best F=+0.016 pC=0.25 near=0.4 cov=0.51 | median F=-0.102 sigma=0.196
gen 17  693s  v3_2 F=-0.401 pC=0.33 near=1.8 cov=0.59 | best F=-0.113 pC=0.42 near=0.7 cov=0.56 | median F=-0.453 sigma=0.192
gen 18  576s  v3_2 F=-0.775 pC=0.42 near=1.2 cov=0.47 | best F=-0.003 pC=0.17 near=0.2 cov=0.35 | median F=-0.323 sigma=0.180
  VAL gen 19: mean F=-0.281 pC=0.29 near=0.6 cov=0.39 | v3_2 F=-0.510 pC=0.33 near=0.8 cov=0.50
gen 19  693s  v3_2 F=-0.438 pC=0.42 near=1.2 cov=0.56 | best F=-0.323 pC=0.33 near=1.0 cov=0.46 | median F=-0.685 sigma=0.175
